/home/runner/work/restassured-cucumber-java-codeless/restassured-cucumber-java-codeless/src/test/java/com/spotify/steps/DependencyContainer.java
/home/runner/work/restassured-cucumber-java-codeless/restassured-cucumber-java-codeless/src/test/java/com/spotify/steps/GenericSteps.java
/home/runner/work/restassured-cucumber-java-codeless/restassured-cucumber-java-codeless/src/test/java/com/spotify/steps/Hooks.java
/home/runner/work/restassured-cucumber-java-codeless/restassured-cucumber-java-codeless/src/test/java/com/spotify/runner/JUnitRunner.java
/home/runner/work/restassured-cucumber-java-codeless/restassured-cucumber-java-codeless/src/test/java/com/spotify/constant/Constants.java
/home/runner/work/restassured-cucumber-java-codeless/restassured-cucumber-java-codeless/src/test/java/com/spotify/runner/TestNgRunner.java
/home/runner/work/restassured-cucumber-java-codeless/restassured-cucumber-java-codeless/src/test/java/com/spotify/codeless/support/RequestBodyManager.java
/home/runner/work/restassured-cucumber-java-codeless/restassured-cucumber-java-codeless/src/test/java/com/spotify/codeless/support/DataStoreManager.java
/home/runner/work/restassured-cucumber-java-codeless/restassured-cucumber-java-codeless/src/test/java/com/spotify/config/ConfigLoader.java
/home/runner/work/restassured-cucumber-java-codeless/restassured-cucumber-java-codeless/src/test/java/com/spotify/runner/TestNgParallelRunner.java
/home/runner/work/restassured-cucumber-java-codeless/restassured-cucumber-java-codeless/src/test/java/com/spotify/oauth/TokenManager.java
